---------------------------------------------------------------------------------------------------------------------------------------------------------------------------------------------------------------------------------------------------------------
      name:  w2013
       log:  C:/Users/86158/Desktop/新建文件夹/提交版/replication/work/logs/01_clean_2013.log
  log type:  text
 opened on:  15 Aug 2026, 22:39:23

. display "WAVE_BUILD_START=2013"
WAVE_BUILD_START=2013

. 
. tempfile roster master_household

. 
. * Aggregate the complete person roster before selecting the documented head.
. use "`ind'", clear
(CAPI2013 ind. level data)

. assert _N == 97906

. isid hhid_2013 pline

. gen byte __valid_member = !missing(hhid_2013) & !missing(pline)

. bysort hhid_2013: egen int family_size = total(__valid_member)

. bysort hhid_2013: egen byte head_count = total(hhead == 1)

. bysort hhid_2013: egen int head_flag_missing_count = total(missing(hhead))

. gen byte __is_head = hhead == 1

. 
. local head_source pline a2005 a2003 a2015 a2022 a2012 a2025b

. local head_target head_pline head_birth_year head_sex_raw head_party_raw head_hukou_raw education_code health_code

. local head_n : word count `head_source'

. forvalues i = 1/`head_n' {
  2.     local source : word `i' of `head_source'
  3.     local target : word `i' of `head_target'
  4.     gen double __head_value = `source' if __is_head == 1 & head_count == 1
  5.     bysort hhid_2013: egen double `target' = max(__head_value)
  6.     drop __head_value
  7. }
(69,771 missing values generated)
(16 missing values generated)
(69,773 missing values generated)
(27 missing values generated)
(69,772 missing values generated)
(20 missing values generated)
(71,353 missing values generated)
(7,451 missing values generated)
(71,350 missing values generated)
(7,430 missing values generated)
(69,785 missing values generated)
(67 missing values generated)
(71,922 missing values generated)
(10,002 missing values generated)

. gen byte head_anomaly = head_count != 1

. bysort hhid_2013: keep if _n == 1
(69,765 observations deleted)

. keep hhid_2013 family_size head_count head_flag_missing_count head_* education_code health_code

. isid hhid_2013

. assert _N == 28141

. count if head_anomaly == 1
  6

. assert r(N) == 6

. save `roster'
file C:\Users\86158\AppData\Local\Temp\ST_79e0_000001.tmp saved as .dta format

. 
. * Master is already household-level in 2013.
. use "`master'", clear

. assert _N == 28141

. isid hhid_2013

. keep hhid hhid_2013 province prov_CHN city_lab hhcid rural swgt

. rename hhid link_hhid_generic

. rename province province_id

. rename prov_CHN province_name

. rename city_lab city_code_source

. tostring city_code_source, generate(city_id_source) format(%03.0f) force
city_id_source generated as str3

. rename hhcid community_id

. rename rural rural_residence

. rename swgt survey_weight

. save `master_household'
file C:\Users\86158\AppData\Local\Temp\ST_79e0_000002.tmp saved as .dta format

. 
. * Household questionnaire is the merge master; no household is dropped.
. use "`hh'", clear
(CAPI2013 ind. level data)

. assert _N == 28141

. isid hhid_2013

. keep hhid_2013 a2000 asset total_income d3101 d4100 d5101 d6101 ///
>     h1001 h1004a01 h1004a02 g2001 g2004a01 g2004a02 ///
>     h3039 a4007aa d1101 b3030_1 b3030_2 k2101 ///
>     b3045_1_1_mc b3045_1_2_mc b3045_2_1_mc b3045_2_2_mc ///
>     b3045_3_1_mc b3045_3_2_mc b3045_4_1_mc b3045_4_2_mc ///
>     b3045_5_1_mc b3045_5_2_mc c3004_1 c3004_2 c3004_3 ///
>     c7048c_1 c7048c_2 b3047_1 b3047_2 c3004b_1 c3004b_2 ///
>     c3004b_3 c7048e_1 c7048e_2 k2111 ///
>     h2003_1_mc h2003_6_mc h2003_8_mc

. 
. merge 1:1 hhid_2013 using `roster', generate(_merge_roster)

    Result                      Number of obs
    -----------------------------------------
    Not matched                             0
    Matched                            28,141  (_merge_roster==3)
    -----------------------------------------

. assert _merge_roster == 3

. merge 1:1 hhid_2013 using `master_household', generate(_merge_master)

    Result                      Number of obs
    -----------------------------------------
    Not matched                             0
    Matched                            28,141  (_merge_master==3)
    -----------------------------------------

. assert _merge_master == 3

. 
. clonevar hhid = hhid_2013

. rename hhid_2013 source_hhid_2013

. gen str10 source_hhid_2015 = ""
(28,141 missing values generated)

. gen str10 source_hhid_2017 = ""
(28,141 missing values generated)

. gen byte track = .
(28,141 missing values generated)

. gen int year = 2013

. 
. gen double hhsize_questionnaire = a2000 if !missing(a2000) & a2000 >= 1 & a2000 == floor(a2000)
(2 missing values generated)

. gen double hhsize_difference = family_size - hhsize_questionnaire if !missing(hhsize_questionnaire)
(2 missing values generated)

. gen byte hhsize_discrepancy = hhsize_difference != 0 if !missing(hhsize_difference)
(2 missing values generated)

. 
. gen double age = year - head_birth_year if head_count == 1 & inrange(head_birth_year, 1900, year)
(8 missing values generated)

. gen double age_squared = age^2 if !missing(age)
(8 missing values generated)

. gen byte female = .
(28,141 missing values generated)

. replace female = 0 if head_sex_raw == 1
(21,296 real changes made)

. replace female = 1 if head_sex_raw == 2
(6,838 real changes made)

. gen byte party_member = .
(28,141 missing values generated)

. replace party_member = 1 if head_party_raw == 2
(4,639 real changes made)

. replace party_member = 0 if inlist(head_party_raw, 1, 3, 4)
(21,914 real changes made)

. gen byte rural_hukou = .
(28,141 missing values generated)

. replace rural_hukou = 1 if head_hukou_raw == 1
(13,780 real changes made)

. replace rural_hukou = 0 if inlist(head_hukou_raw, 2, 3, 4)
(12,776 real changes made)

. 
. gen byte stock_participation = .
(28,141 missing values generated)

. replace stock_participation = 1 if d3101 == 1
(2,220 real changes made)

. replace stock_participation = 0 if d3101 == 2
(25,915 real changes made)

. gen byte bond_participation = .
(28,141 missing values generated)

. replace bond_participation = 1 if d4100 == 1
(211 real changes made)

. replace bond_participation = 0 if d4100 == 2
(27,925 real changes made)

. gen byte fund_participation = .
(28,141 missing values generated)

. replace fund_participation = 1 if d5101 == 1
(1,142 real changes made)

. replace fund_participation = 0 if d5101 == 2
(26,996 real changes made)

. gen byte derivative_participation = .
(28,141 missing values generated)

. replace derivative_participation = 1 if d6101 == 1
(47 real changes made)

. replace derivative_participation = 0 if d6101 == 2
(28,089 real changes made)

. gen byte risky_asset_participation = .
(28,141 missing values generated)

. replace risky_asset_participation = 1 if stock_participation == 1 | bond_participation == 1 | fund_participation == 1 | derivative_participation == 1
(3,017 real changes made)

. replace risky_asset_participation = 0 if stock_participation == 0 & bond_participation == 0 & fund_participation == 0 & derivative_participation == 0
(25,117 real changes made)

. 
. rename h1001 gift_received_gate

. rename g2001 gift_given_gate

. rename h1004a01 gift_received_holiday_yuan

. rename h1004a02 gift_received_ceremony_yuan

. rename g2004a01 gift_given_holiday_yuan

. rename g2004a02 gift_given_ceremony_yuan

. 
. gen double gift_received_yuan = .
(28,141 missing values generated)

. replace gift_received_yuan = 0 if gift_received_gate == 2 & (missing(gift_received_holiday_yuan) | gift_received_holiday_yuan >= 0) & (missing(gift_received_ceremony_yuan) | gift_received_ceremony_yuan >= 0)
(14,262 real changes made)

. replace gift_received_yuan = cond(missing(gift_received_holiday_yuan), 0, gift_received_holiday_yuan) + cond(missing(gift_received_ceremony_yuan), 0, gift_received_ceremony_yuan) if gift_received_gate == 1 & (!missing(gift_received_holiday_yuan) | !miss
> ing(gift_received_ceremony_yuan)) & (missing(gift_received_holiday_yuan) | gift_received_holiday_yuan >= 0) & (missing(gift_received_ceremony_yuan) | gift_received_ceremony_yuan >= 0)
(11,191 real changes made)

. gen byte gift_received_missing_reason = .
(28,141 missing values generated)

. replace gift_received_missing_reason = 0 if !missing(gift_received_yuan)
(25,453 real changes made)

. replace gift_received_missing_reason = 1 if missing(gift_received_gate)
(17 real changes made)

. replace gift_received_missing_reason = 2 if !missing(gift_received_gate) & !inlist(gift_received_gate, 1, 2)
(1 real change made)

. replace gift_received_missing_reason = 3 if gift_received_gate == 1 & missing(gift_received_holiday_yuan) & missing(gift_received_ceremony_yuan)
(2,670 real changes made)

. replace gift_received_missing_reason = 4 if inlist(gift_received_gate, 1, 2) & ((!missing(gift_received_holiday_yuan) & gift_received_holiday_yuan < 0) | (!missing(gift_received_ceremony_yuan) & gift_received_ceremony_yuan < 0))
(0 real changes made)

. 
. gen double gift_received_yuan_strict = .
(28,141 missing values generated)

. replace gift_received_yuan_strict = 0 if gift_received_gate == 2
(14,262 real changes made)

. replace gift_received_yuan_strict = gift_received_holiday_yuan + gift_received_ceremony_yuan if gift_received_gate == 1 & !missing(gift_received_holiday_yuan, gift_received_ceremony_yuan) & gift_received_holiday_yuan >= 0 & gift_received_ceremony_yuan >
> = 0
(1,457 real changes made)

. 
. gen double gift_given_yuan = .
(28,141 missing values generated)

. replace gift_given_yuan = 0 if gift_given_gate == 2 & (missing(gift_given_holiday_yuan) | gift_given_holiday_yuan >= 0) & (missing(gift_given_ceremony_yuan) | gift_given_ceremony_yuan >= 0)
(5,585 real changes made)

. replace gift_given_yuan = cond(missing(gift_given_holiday_yuan), 0, gift_given_holiday_yuan) + cond(missing(gift_given_ceremony_yuan), 0, gift_given_ceremony_yuan) if gift_given_gate == 1 & (!missing(gift_given_holiday_yuan) | !missing(gift_given_ceremo
> ny_yuan)) & (missing(gift_given_holiday_yuan) | gift_given_holiday_yuan >= 0) & (missing(gift_given_ceremony_yuan) | gift_given_ceremony_yuan >= 0)
(21,608 real changes made)

. gen byte gift_given_missing_reason = .
(28,141 missing values generated)

. replace gift_given_missing_reason = 0 if !missing(gift_given_yuan)
(27,193 real changes made)

. replace gift_given_missing_reason = 1 if missing(gift_given_gate)
(16 real changes made)

. replace gift_given_missing_reason = 2 if !missing(gift_given_gate) & !inlist(gift_given_gate, 1, 2)
(0 real changes made)

. replace gift_given_missing_reason = 3 if gift_given_gate == 1 & missing(gift_given_holiday_yuan) & missing(gift_given_ceremony_yuan)
(932 real changes made)

. replace gift_given_missing_reason = 4 if inlist(gift_given_gate, 1, 2) & ((!missing(gift_given_holiday_yuan) & gift_given_holiday_yuan < 0) | (!missing(gift_given_ceremony_yuan) & gift_given_ceremony_yuan < 0))
(0 real changes made)

. 
. gen double gift_given_yuan_strict = .
(28,141 missing values generated)

. replace gift_given_yuan_strict = 0 if gift_given_gate == 2
(5,585 real changes made)

. replace gift_given_yuan_strict = gift_given_holiday_yuan + gift_given_ceremony_yuan if gift_given_gate == 1 & !missing(gift_given_holiday_yuan, gift_given_ceremony_yuan) & gift_given_holiday_yuan >= 0 & gift_given_ceremony_yuan >= 0
(10,863 real changes made)

. 
. gen double gift_exchange_yuan = gift_received_yuan + gift_given_yuan if !missing(gift_received_yuan, gift_given_yuan)
(3,480 missing values generated)

. gen double gift_exchange_ln = ln(gift_exchange_yuan + 1) if gift_exchange_yuan >= 0 & !missing(gift_exchange_yuan)
(3,480 missing values generated)

. gen double gift_received_ln = ln(gift_received_yuan + 1) if gift_received_yuan >= 0 & !missing(gift_received_yuan)
(2,688 missing values generated)

. gen double gift_given_ln = ln(gift_given_yuan + 1) if gift_given_yuan >= 0 & !missing(gift_given_yuan)
(948 missing values generated)

. gen byte gift_exchange_positive = gift_exchange_yuan > 0 if !missing(gift_exchange_yuan)
(3,480 missing values generated)

. gen byte gift_exchange_observed = !missing(gift_exchange_yuan)

. 
. gen double gift_exchange_yuan_strict = gift_received_yuan_strict + gift_given_yuan_strict if !missing(gift_received_yuan_strict, gift_given_yuan_strict)
(18,933 missing values generated)

. gen double gift_exchange_ln_strict = ln(gift_exchange_yuan_strict + 1) if gift_exchange_yuan_strict >= 0 & !missing(gift_exchange_yuan_strict)
(18,933 missing values generated)

. gen double gift_received_ln_strict = ln(gift_received_yuan_strict + 1) if gift_received_yuan_strict >= 0 & !missing(gift_received_yuan_strict)
(12,422 missing values generated)

. gen double gift_given_ln_strict = ln(gift_given_yuan_strict + 1) if gift_given_yuan_strict >= 0 & !missing(gift_given_yuan_strict)
(11,693 missing values generated)

. gen byte gift_exchange_positive_strict = gift_exchange_yuan_strict > 0 if !missing(gift_exchange_yuan_strict)
(18,933 missing values generated)

. gen byte gift_exchange_observed_strict = !missing(gift_exchange_yuan_strict)

. 
. gen double household_assets_yuan = asset if !missing(asset) & asset >= 0

. gen double household_assets_10k = household_assets_yuan / 10000 if !missing(household_assets_yuan)

. gen double household_income_yuan = total_income if !missing(total_income)

. gen double household_income_10k = household_income_yuan / 10000 if !missing(household_income_yuan)

. gen double household_income_pc_10k = household_income_yuan / family_size / 10000 if !missing(household_income_yuan) & family_size > 0

. gen byte household_income_negative = household_income_yuan < 0 if !missing(household_income_yuan)

. 
. gen double trust_ordinal = h3039 if inrange(h3039, 1, 5)
(11,983 missing values generated)

. gen byte financial_literacy_risk = .
(28,141 missing values generated)

. replace financial_literacy_risk = 1 if a4007aa == 1
(8,331 real changes made)

. replace financial_literacy_risk = 0 if inrange(a4007aa, 2, 5)
(19,486 real changes made)

. gen byte formal_financial_access = .
(28,141 missing values generated)

. replace formal_financial_access = 1 if d1101 == 1
(16,726 real changes made)

. replace formal_financial_access = 0 if d1101 == 2
(11,376 real changes made)

. gen byte informal_credit_candidate = .
(28,141 missing values generated)

. replace informal_credit_candidate = 1 if b3030_1 == 1 | b3030_2 == 1 | k2101 == 1
(5,587 real changes made)

. replace informal_credit_candidate = 0 if k2101 == 2 & informal_credit_candidate != 1
(22,534 real changes made)

. egen byte __paper_credit_mc = rowmax(b3045_1_1_mc b3045_1_2_mc b3045_2_1_mc b3045_2_2_mc b3045_3_1_mc b3045_3_2_mc b3045_4_1_mc b3045_4_2_mc b3045_5_1_mc b3045_5_2_mc)
(25,813 missing values generated)

. gen byte informal_credit_paper = .
(28,141 missing values generated)

. replace informal_credit_paper = 1 if __paper_credit_mc == 1 | inrange(c3004_1, 1, 5) | inrange(c3004_2, 1, 5) | inrange(c3004_3, 1, 5) | inrange(c7048c_1, 1, 5) | inrange(c7048c_2, 1, 5) | k2101 == 1
(9,989 real changes made)

. replace informal_credit_paper = 0 if k2101 == 2 & missing(informal_credit_paper)
(18,132 real changes made)

. gen byte require_interest_paper = .
(28,141 missing values generated)

. replace require_interest_paper = 1 if b3047_1 == 1 | b3047_2 == 1 | c3004b_1 == 1 | c3004b_2 == 1 | c3004b_3 == 1 | c7048e_1 == 1 | c7048e_2 == 1 | k2111 == 1
(947 real changes made)

. replace require_interest_paper = 0 if missing(require_interest_paper) & (b3047_1 == 2 | b3047_2 == 2 | c3004b_1 == 2 | c3004b_2 == 2 | c3004b_3 == 2 | c7048e_1 == 2 | c7048e_2 == 2 | k2111 == 2)
(9,289 real changes made)

. drop __paper_credit_mc

. gen byte lottery_observed = !missing(h2003_1_mc, h2003_6_mc, h2003_8_mc)

. gen byte lottery_participation = .
(28,141 missing values generated)

. replace lottery_participation = 1 if lottery_observed == 1 & (h2003_1_mc == 1 | h2003_6_mc == 1)
(614 real changes made)

. replace lottery_participation = 0 if lottery_observed == 1 & h2003_1_mc == 0 & h2003_6_mc == 0
(27,513 real changes made)

. 
. gen byte network_size_available = 0

. gen byte social_interaction_available = 0

. gen byte formal_bank_loan_available = 0

. gen byte institutional_trust_available = 0

. gen byte safe_asset_available = 0

. 
. drop a2000 asset total_income d3101 d4100 d5101 d6101 h3039 a4007aa d1101 b3030_1 b3030_2 k2101 h2003_1_mc h2003_6_mc h2003_8_mc _merge_roster _merge_master ///
>     b3045_1_1_mc b3045_1_2_mc b3045_2_1_mc b3045_2_2_mc ///
>     b3045_3_1_mc b3045_3_2_mc b3045_4_1_mc b3045_4_2_mc ///
>     b3045_5_1_mc b3045_5_2_mc c3004_1 c3004_2 c3004_3 ///
>     c7048c_1 c7048c_2 b3047_1 b3047_2 c3004b_1 c3004b_2 ///
>     c3004b_3 c7048e_1 c7048e_2 k2111

. 
. label data "IRFA CHFS 2013 household working data"

. label variable hhid "Wave-specific household identifier"

. label variable year "Survey year"

. label variable family_size "Roster household size"

. label variable age "Household head age"

. label variable age_squared "Household head age squared"

. label variable female "Female household head"

. label variable party_member "CCP household head"

. label variable rural_hukou "Rural hukou household head"

. label variable stock_participation "Household holds a stock account"

. label variable risky_asset_participation "Household holds any mapped risky asset"

. label variable gift_exchange_ln "Log of total gift exchange plus one"

. label variable gift_received_yuan_strict "Strict gifts received, RMB"

. label variable gift_given_yuan_strict "Strict gifts given, RMB"

. label variable gift_exchange_yuan_strict "Strict total gift exchange, RMB"

. label variable gift_received_ln_strict "Strict log gifts received plus one"

. label variable gift_given_ln_strict "Strict log gifts given plus one"

. label variable gift_exchange_ln_strict "Strict log total gift exchange plus one"

. label variable gift_exchange_positive_strict "Strict total gift exchange is positive"

. label variable gift_exchange_observed_strict "Strict total gift exchange is observed"

. label variable household_assets_10k "Total household assets, RMB 10,000"

. label variable household_income_pc_10k "Per-capita household income, RMB 10,000"

. label variable rural_residence "Household resides in a rural area"

. label variable province_id "Province code"

. label variable city_id_source "Source city identifier"

. label variable community_id "Community identifier"

. label variable survey_weight "Household survey weight"

. label variable trust_ordinal "Interpersonal trust, higher is more trust"

. label variable financial_literacy_risk "Correct stock versus fund risk item"

. label variable formal_financial_access "Household has a formal bank account"

. label variable informal_credit_candidate "Broad informal-credit candidate measure"

. label variable informal_credit_paper "Paper-mapped informal-credit proxy"

. label variable require_interest_paper "Any mapped informal loan carries interest"

. label variable lottery_observed "Gambling-income item is observed"

. 
. order hhid year source_hhid_2013 source_hhid_2015 source_hhid_2017 link_hhid_generic track province_id province_name city_id_source community_id rural_residence survey_weight head_count head_anomaly family_size

. sort hhid

. isid hhid

. assert _N == 28141

. compress
  variable family_size was int now byte
  variable head_flag_missing_count was int now byte
  variable city_code_source was float now int
  variable head_pline was double now byte
  variable head_birth_year was double now int
  variable head_sex_raw was double now byte
  variable head_party_raw was double now byte
  variable head_hukou_raw was double now byte
  variable education_code was double now byte
  variable health_code was double now byte
  variable hhsize_questionnaire was double now byte
  variable hhsize_difference was double now byte
  variable age was double now int
  variable age_squared was double now int
  variable household_income_yuan was double now long
  variable trust_ordinal was double now byte
  variable source_hhid_2015 was str10 now str1
  variable source_hhid_2017 was str10 now str1
  (3,011,087 bytes saved)

. save "`out'/data/intermediate/irfa_2013_household_working.dta", replace
file C:/Users/86158/Desktop/新建文件夹/提交版/replication/work/data/intermediate/irfa_2013_household_working.dta saved

. 
. display "WAVE_BUILD_RESULT=PASS WAVE=2013 N=" _N
WAVE_BUILD_RESULT=PASS WAVE=2013 N=28141

. display "WAVE_BUILD_2013=PASS"
WAVE_BUILD_2013=PASS

. log close w2013
      name:  w2013
       log:  C:/Users/86158/Desktop/新建文件夹/提交版/replication/work/logs/01_clean_2013.log
  log type:  text
 closed on:  15 Aug 2026, 22:39:24
---------------------------------------------------------------------------------------------------------------------------------------------------------------------------------------------------------------------------------------------------------------
