---------------------------------------------------------------------------------------------------------------------------------------------------------------------------------------------------------------------------------------------------------------
      name:  prepare
       log:  C:/Users/86158/Desktop/新建文件夹/提交版/replication/logs/40_prepare_analysis_data.log
  log type:  text
 opened on:  15 Aug 2026, 22:39:46

. 
. tempfile local_controls

. use "$IRFA_LOCAL_DTA", clear

. assert _N == 900

. rename city city_raw_local

. gen str60 city_norm = ustrtrim(city_raw_local)

. replace city_norm = ustrregexra(city_norm, "[[:space:]]+", "")
(0 real changes made)

. isid city_norm year

. gen double local_gdp_log = ln(gdp) if gdp > 0 & !missing(gdp)
(40 missing values generated)

. rename finance_level local_finance_level

. rename pop_density local_population_density

. keep city_norm year local_gdp_log local_finance_level local_population_density

. save `local_controls'
file C:\Users\86158\AppData\Local\Temp\ST_79e0_000001.tmp saved as .dta format

. 
. use "$IRFA_INTERMEDIATE/irfa_geography_augmented.dta", clear
(IRFA CHFS 2013-2017 head-valid analysis data)

. assert _N == $IRFA_EXPECTED_N

. isid hhid year

. 
. merge 1:1 hhid year using ///
>     "$IRFA_INTERMEDIATE/irfa_household_year_variable_supplement.dta", ///
>     assert(match) nogen

    Result                      Number of obs
    -----------------------------------------
    Not matched                             0
    Matched                           105,435  
    -----------------------------------------

. 
. merge 1:1 hhid year using "$IRFA_PARENT_PARTY", gen(_merge_parent)

    Result                      Number of obs
    -----------------------------------------
    Not matched                             6
        from master                         0  (_merge_parent==1)
        from using                          6  (_merge_parent==2)

    Matched                           105,435  (_merge_parent==3)
    -----------------------------------------

. quietly count if _merge_parent == 2

. assert r(N) == 6

. drop if _merge_parent == 2
(6 observations deleted)

. assert _N == $IRFA_EXPECTED_N

. drop _merge_parent

. 
. merge 1:1 hhid year using ///
>     "$IRFA_INTERMEDIATE/irfa_public_sector_household.dta", ///
>     gen(_merge_sector)

    Result                      Number of obs
    -----------------------------------------
    Not matched                             6
        from master                         0  (_merge_sector==1)
        from using                          6  (_merge_sector==2)

    Matched                           105,435  (_merge_sector==3)
    -----------------------------------------

. quietly count if _merge_sector == 2

. assert r(N) == 6

. drop if _merge_sector == 2
(6 observations deleted)

. assert _N == $IRFA_EXPECTED_N

. assert _merge_sector == 3

. drop _merge_sector

. 
. rename pop_density population_density_2017

. merge m:1 city_norm year using `local_controls', keep(master match) gen(_merge_local)
(variable city_norm was str30, now str60 to accommodate using data's values)

    Result                      Number of obs
    -----------------------------------------
    Not matched                         5,491
        from master                     5,491  (_merge_local==1)
        from using                          0  (_merge_local==2)

    Matched                            99,944  (_merge_local==3)
    -----------------------------------------

. gen byte local_controls_matched = _merge_local == 3

. drop _merge_local

. gen double population_density = local_population_density
(43,432 missing values generated)

. replace population_density = population_density_2017 ///
>     if missing(population_density) & year == 2017
(32,158 real changes made)

. gen byte local_controls_complete = ///
>     !missing(local_gdp_log, local_finance_level, population_density)

. 
. label variable stock_participation "Stock"

. label variable risky_asset_participation "Risky Financial Assets"

. label variable lottery_participation "Lottery"

. label variable gift_exchange_ln "Gift"

. label variable gift_given_ln "Gift expenditure"

. label variable age "Age"

. label variable age_squared "Age2"

. label variable female "Female"

. label variable household_assets_10k_w "Asset"

. label variable household_income_pc_10k_w "Total income"

. label variable family_size_w "Family member"

. label variable rural_residence "Rural"

. label variable party_member "Party member"

. label variable rural_hukou "Hukou"

. label variable education_code "Education"

. label variable informal_credit_paper "Informal credit"

. label variable trust_01 "Interpersonal trust"

. label variable safe_assets "Safe Assets"

. label variable financial_literacy "Financial literacy"

. label variable network_size "Network size"

. label variable formal_financial_access "Financial access"

. label variable formal_bank_loan "Formal Bank Loan"

. label variable institutional_trust "Institutional trust"

. label variable local_gdp_log "GDP"

. label variable local_finance_level "Finance level"

. label variable population_density "Pop density"

. label variable parent_party "Parent CPC member"

. 
. isid hhid year

. assert _N == $IRFA_EXPECTED_N

. quietly count if sample_submission_primary == 1

. assert r(N) == $IRFA_SUBMISSION_PRIMARY_N

. quietly count if sample_submission_positive == 1

. assert r(N) == $IRFA_POSITIVE_N

. quietly count if sample_submission_primary == 1 & local_controls_complete == 1

. assert r(N) == 65190

. 
. compress
  variable employment_unit_observed_members was int now byte
  variable population_density was double now int
  variable city_norm was str60 now str30
  (3,901,095 bytes saved)

. save "$IRFA_EMPIRICAL_AUGMENTED", replace
file C:/Users/86158/Desktop/新建文件夹/提交版/replication/work/data/intermediate/irfa_empirical_augmented.dta saved

. save "$IRFA_FINAL_DTA", replace
file C:/Users/86158/Desktop/新建文件夹/提交版/replication/data/final/IRFA_analysis_sample.dta saved

. 
. display "ANALYSIS_DATA_BUILD=PASS"
ANALYSIS_DATA_BUILD=PASS

. log close prepare
      name:  prepare
       log:  C:/Users/86158/Desktop/新建文件夹/提交版/replication/logs/40_prepare_analysis_data.log
  log type:  text
 closed on:  15 Aug 2026, 22:39:48
---------------------------------------------------------------------------------------------------------------------------------------------------------------------------------------------------------------------------------------------------------------
